// Jest Snapshot v1, https://goo.gl/fbAQLP

exports[`Loader matches a snapshot 1`] = `
<div
  className="sc-bcXHqe bheUzg"
/>
`;
